
> metoyou@0.0.0 build
> tsc -b && vite build

[36mvite v8.0.16 [32mbuilding client environment for production...[36m[39m
[2K
transforming...Γ£ô 2053 modules transformed.
rendering chunks...
computing gzip size...
dist/index.html                               0.97 kB Γöé gzip:   0.52 kB
dist/assets/throne-template-ChITsTUb.png     30.55 kB
dist/assets/index-Y9F-gB_d.css              158.55 kB Γöé gzip:  21.61 kB
dist/assets/index-Cg_lIWRm.js             1,128.97 kB Γöé gzip: 284.00 kB

[INEFFECTIVE_DYNAMIC_IMPORT] src/lib/imageUtils.ts is dynamically imported by src/pages/Chat.tsx but also statically imported by src/components/CreatePost.tsx, src/lib/postApi.ts, src/lib/profileApi.ts, dynamic import will not move module into another chunk.

[plugin builtin:vite-reporter] 
(!) Some chunks are larger than 500 kB after minification. Consider:
- Using dynamic import() to code-split the application
- Use build.rolldownOptions.output.codeSplitting to improve chunking: https://rolldown.rs/reference/OutputOptions.codeSplitting
- Adjust chunk size limit for this warning via build.chunkSizeWarningLimit.
[PLUGIN_TIMINGS] Your build spent significant time in plugins. Here is a breakdown:
  - @tailwindcss/vite:generate:build (41%)
  - vite:asset (38%)
  - rolldown:vite-resolve (15%)
See https://rolldown.rs/options/checks#plugintimings for more details.

[32mΓ£ô built in 36.85s[39m
